
Merging program properties

Removed property 0xc0000002 to merge /usr/lib/gcc/x86_64-pc-linux-gnu/13.2.1/../../../../lib/crt1.o (0x3) and build/dummy.o (not found)
Updated property 0xc0010002 (0x1) to merge /usr/lib/gcc/x86_64-pc-linux-gnu/13.2.1/../../../../lib/crt1.o (0x0) and build/am_map.o (0x1)
Updated property 0xc0010002 (0x1) to merge /usr/lib/gcc/x86_64-pc-linux-gnu/13.2.1/../../../../lib/crt1.o (0x1) and build/doomdef.o (0x0)
Updated property 0xc0010002 (0x1) to merge /usr/lib/gcc/x86_64-pc-linux-gnu/13.2.1/../../../../lib/crt1.o (0x1) and build/doomstat.o (0x0)
Updated property 0xc0010002 (0x1) to merge /usr/lib/gcc/x86_64-pc-linux-gnu/13.2.1/../../../../lib/crt1.o (0x1) and build/dstrings.o (0x0)
Updated property 0xc0010002 (0x1) to merge /usr/lib/gcc/x86_64-pc-linux-gnu/13.2.1/../../../../lib/crt1.o (0x1) and build/d_event.o (0x0)
Updated property 0xc0010002 (0x1) to merge /usr/lib/gcc/x86_64-pc-linux-gnu/13.2.1/../../../../lib/crt1.o (0x1) and build/d_items.o (0x0)
Updated property 0xc0010002 (0x1) to merge /usr/lib/gcc/x86_64-pc-linux-gnu/13.2.1/../../../../lib/crt1.o (0x1) and build/d_iwad.o (0x0)
Updated property 0xc0010002 (0x1) to merge /usr/lib/gcc/x86_64-pc-linux-gnu/13.2.1/../../../../lib/crt1.o (0x1) and build/d_main.o (0x0)
Updated property 0xc0010002 (0x1) to merge /usr/lib/gcc/x86_64-pc-linux-gnu/13.2.1/../../../../lib/crt1.o (0x1) and build/d_mode.o (0x0)
Updated property 0xc0010002 (0x1) to merge /usr/lib/gcc/x86_64-pc-linux-gnu/13.2.1/../../../../lib/crt1.o (0x1) and build/d_net.o (0x0)
Updated property 0xc0010002 (0x1) to merge /usr/lib/gcc/x86_64-pc-linux-gnu/13.2.1/../../../../lib/crt1.o (0x1) and build/f_finale.o (0x0)
Updated property 0xc0010002 (0x1) to merge /usr/lib/gcc/x86_64-pc-linux-gnu/13.2.1/../../../../lib/crt1.o (0x1) and build/f_wipe.o (0x0)
Updated property 0xc0010001 (0x9) to merge /usr/lib/gcc/x86_64-pc-linux-gnu/13.2.1/../../../../lib/crt1.o (0x1) and build/g_game.o (0x9)
Updated property 0xc0010001 (0x9) to merge /usr/lib/gcc/x86_64-pc-linux-gnu/13.2.1/../../../../lib/crt1.o (0x9) and build/hu_lib.o (0x1)
Updated property 0xc0010002 (0x1) to merge /usr/lib/gcc/x86_64-pc-linux-gnu/13.2.1/../../../../lib/crt1.o (0x1) and build/hu_lib.o (0x0)
Updated property 0xc0010001 (0x9) to merge /usr/lib/gcc/x86_64-pc-linux-gnu/13.2.1/../../../../lib/crt1.o (0x9) and build/hu_stuff.o (0x1)
Updated property 0xc0010002 (0x1) to merge /usr/lib/gcc/x86_64-pc-linux-gnu/13.2.1/../../../../lib/crt1.o (0x1) and build/hu_stuff.o (0x0)
Updated property 0xc0010001 (0x9) to merge /usr/lib/gcc/x86_64-pc-linux-gnu/13.2.1/../../../../lib/crt1.o (0x9) and build/info.o (0x1)
Updated property 0xc0010002 (0x1) to merge /usr/lib/gcc/x86_64-pc-linux-gnu/13.2.1/../../../../lib/crt1.o (0x1) and build/info.o (0x0)
Updated property 0xc0010001 (0x9) to merge /usr/lib/gcc/x86_64-pc-linux-gnu/13.2.1/../../../../lib/crt1.o (0x9) and build/i_cdmus.o (0x1)
Updated property 0xc0010002 (0x1) to merge /usr/lib/gcc/x86_64-pc-linux-gnu/13.2.1/../../../../lib/crt1.o (0x1) and build/i_cdmus.o (0x0)
Updated property 0xc0010001 (0x9) to merge /usr/lib/gcc/x86_64-pc-linux-gnu/13.2.1/../../../../lib/crt1.o (0x9) and build/i_endoom.o (0x1)
Updated property 0xc0010002 (0x1) to merge /usr/lib/gcc/x86_64-pc-linux-gnu/13.2.1/../../../../lib/crt1.o (0x1) and build/i_endoom.o (0x0)
Updated property 0xc0010001 (0x9) to merge /usr/lib/gcc/x86_64-pc-linux-gnu/13.2.1/../../../../lib/crt1.o (0x9) and build/i_joystick.o (0x1)
Updated property 0xc0010002 (0x1) to merge /usr/lib/gcc/x86_64-pc-linux-gnu/13.2.1/../../../../lib/crt1.o (0x1) and build/i_joystick.o (0x0)
Updated property 0xc0010001 (0x9) to merge /usr/lib/gcc/x86_64-pc-linux-gnu/13.2.1/../../../../lib/crt1.o (0x9) and build/i_scale.o (0x1)
Updated property 0xc0010002 (0x1) to merge /usr/lib/gcc/x86_64-pc-linux-gnu/13.2.1/../../../../lib/crt1.o (0x1) and build/i_scale.o (0x0)
Updated property 0xc0010001 (0x9) to merge /usr/lib/gcc/x86_64-pc-linux-gnu/13.2.1/../../../../lib/crt1.o (0x9) and build/i_sound.o (0x1)
Updated property 0xc0010002 (0x1) to merge /usr/lib/gcc/x86_64-pc-linux-gnu/13.2.1/../../../../lib/crt1.o (0x1) and build/i_sound.o (0x0)
Updated property 0xc0010001 (0x9) to merge /usr/lib/gcc/x86_64-pc-linux-gnu/13.2.1/../../../../lib/crt1.o (0x9) and build/i_timer.o (0x1)
Updated property 0xc0010002 (0x1) to merge /usr/lib/gcc/x86_64-pc-linux-gnu/13.2.1/../../../../lib/crt1.o (0x1) and build/i_timer.o (0x0)
Updated property 0xc0010001 (0x9) to merge /usr/lib/gcc/x86_64-pc-linux-gnu/13.2.1/../../../../lib/crt1.o (0x9) and build/memio.o (0x1)
Updated property 0xc0010002 (0x1) to merge /usr/lib/gcc/x86_64-pc-linux-gnu/13.2.1/../../../../lib/crt1.o (0x1) and build/memio.o (0x0)
Updated property 0xc0010001 (0x9) to merge /usr/lib/gcc/x86_64-pc-linux-gnu/13.2.1/../../../../lib/crt1.o (0x9) and build/m_argv.o (0x1)
Updated property 0xc0010002 (0x1) to merge /usr/lib/gcc/x86_64-pc-linux-gnu/13.2.1/../../../../lib/crt1.o (0x1) and build/m_argv.o (0x0)
[...]
Memory Configuration

Name             Origin             Length             Attributes
*default*        0x0000000000000000 0xffffffffffffffff

Linker script and memory map

LOAD /usr/lib/gcc/x86_64-pc-linux-gnu/13.2.1/../../../../lib/crt1.o
LOAD /usr/lib/gcc/x86_64-pc-linux-gnu/13.2.1/../../../../lib/crti.o
LOAD /usr/lib/gcc/x86_64-pc-linux-gnu/13.2.1/crtbegin.o
LOAD build/dummy.o
LOAD build/am_map.o
LOAD build/doomdef.o
LOAD build/doomstat.o
LOAD build/dstrings.o
LOAD build/d_event.o
LOAD build/d_items.o
LOAD build/d_iwad.o
LOAD build/d_loop.o
LOAD build/d_main.o
LOAD build/d_mode.o
LOAD build/d_net.o
LOAD build/f_finale.o
LOAD build/f_wipe.o
LOAD build/g_game.o
LOAD build/hu_lib.o
LOAD build/hu_stuff.o
LOAD build/info.o
LOAD build/i_cdmus.o
LOAD build/i_endoom.o
LOAD build/i_joystick.o
LOAD build/i_scale.o
LOAD build/i_sound.o
LOAD build/i_system.o
LOAD build/i_timer.o
LOAD build/memio.o
LOAD build/m_argv.o
LOAD build/m_bbox.o
LOAD build/m_cheat.o
LOAD build/m_config.o
LOAD build/m_controls.o
LOAD build/m_fixed.o
LOAD build/m_menu.o
LOAD build/m_misc.o
LOAD build/m_random.o
LOAD build/p_ceilng.o
LOAD build/p_doors.o
LOAD build/p_enemy.o
LOAD build/p_floor.o
LOAD build/p_inter.o
LOAD build/p_lights.o
LOAD build/p_map.o
LOAD build/p_maputl.o
LOAD build/p_mobj.o
LOAD build/p_plats.o
LOAD build/p_pspr.o
LOAD build/p_saveg.o
LOAD build/p_setup.o
LOAD build/p_sight.o
LOAD build/p_spec.o
LOAD build/p_switch.o
LOAD build/p_telept.o
LOAD build/p_tick.o
LOAD build/p_user.o
LOAD build/r_bsp.o
LOAD build/r_data.o
LOAD build/r_draw.o
LOAD build/r_main.o
LOAD build/r_plane.o
LOAD build/r_segs.o
LOAD build/r_sky.o
LOAD build/r_things.o
LOAD build/sha1.o
LOAD build/sounds.o
LOAD build/statdump.o
LOAD build/st_lib.o
LOAD build/st_stuff.o
LOAD build/s_sound.o
LOAD build/tables.o
LOAD build/v_video.o
LOAD build/wi_stuff.o
LOAD build/w_checksum.o
LOAD build/w_file.o
LOAD build/w_main.o
LOAD build/w_wad.o
LOAD build/z_zone.o
LOAD build/w_file_stdc.o
LOAD build/i_input.o
LOAD build/i_video.o
LOAD build/doomgeneric.o
LOAD build/doomgeneric_xlib.o
LOAD /usr/lib/gcc/x86_64-pc-linux-gnu/13.2.1/../../../../lib/libm.so
START GROUP
LOAD /usr/lib/libm.so.6
LOAD /usr/lib/libmvec.so.1
END GROUP
LOAD /usr/lib/gcc/x86_64-pc-linux-gnu/13.2.1/../../../../lib/libc.so
START GROUP
LOAD /usr/lib/libc.so.6
LOAD /usr/lib/libc_nonshared.a
LOAD /usr/lib/ld-linux-x86-64.so.2
END GROUP
LOAD /usr/lib/gcc/x86_64-pc-linux-gnu/13.2.1/../../../../lib/libX11.so
LOAD /usr/lib/gcc/x86_64-pc-linux-gnu/13.2.1/libgcc.a
LOAD /usr/lib/gcc/x86_64-pc-linux-gnu/13.2.1/../../../../lib/libgcc_s.so
START GROUP
LOAD /usr/lib/gcc/x86_64-pc-linux-gnu/13.2.1/../../../../lib/libgcc_s.so.1
LOAD /usr/lib/gcc/x86_64-pc-linux-gnu/13.2.1/libgcc.a
END GROUP
LOAD /usr/lib/gcc/x86_64-pc-linux-gnu/13.2.1/../../../../lib/libc.so
START GROUP
LOAD /usr/lib/libc.so.6
LOAD /usr/lib/libc_nonshared.a
LOAD /usr/lib/ld-linux-x86-64.so.2
END GROUP
LOAD /usr/lib/gcc/x86_64-pc-linux-gnu/13.2.1/libgcc.a
LOAD /usr/lib/gcc/x86_64-pc-linux-gnu/13.2.1/../../../../lib/libgcc_s.so
START GROUP
LOAD /usr/lib/gcc/x86_64-pc-linux-gnu/13.2.1/../../../../lib/libgcc_s.so.1
LOAD /usr/lib/gcc/x86_64-pc-linux-gnu/13.2.1/libgcc.a
END GROUP
LOAD /usr/lib/gcc/x86_64-pc-linux-gnu/13.2.1/crtend.o
LOAD /usr/lib/gcc/x86_64-pc-linux-gnu/13.2.1/../../../../lib/crtn.o
                [!provide]                        PROVIDE (__executable_start = SEGMENT_START ("text-segment", 0x400000))
                0x0000000000400318                . = (SEGMENT_START ("text-segment", 0x400000) + SIZEOF_HEADERS)

.interp         0x0000000000400318       0x1c
 *(.interp)
 .interp        0x0000000000400318       0x1c /usr/lib/gcc/x86_64-pc-linux-gnu/13.2.1/../../../../lib/crt1.o

.note.gnu.property
                0x0000000000400338       0x40
 .note.gnu.property
                0x0000000000400338       0x40 /usr/lib/gcc/x86_64-pc-linux-gnu/13.2.1/../../../../lib/crt1.o

.note.gnu.build-id
                0x0000000000400378       0x24
 *(.note.gnu.build-id)
 .note.gnu.build-id
                0x0000000000400378       0x24 /usr/lib/gcc/x86_64-pc-linux-gnu/13.2.1/../../../../lib/crt1.o

.note.ABI-tag   0x000000000040039c       0x20
 .note.ABI-tag  0x000000000040039c       0x20 /usr/lib/gcc/x86_64-pc-linux-gnu/13.2.1/../../../../lib/crt1.o

.hash
 *(.hash)

.gnu.hash       0x00000000004003c0       0x28
 *(.gnu.hash)
 .gnu.hash      0x00000000004003c0       0x28 /usr/lib/gcc/x86_64-pc-linux-gnu/13.2.1/../../../../lib/crt1.o

.dynsym         0x00000000004003e8      0x618
 *(.dynsym)
 .dynsym        0x00000000004003e8      0x618 /usr/lib/gcc/x86_64-pc-linux-gnu/13.2.1/../../../../lib/crt1.o

.dynstr         0x0000000000400a00      0x2c2
 *(.dynstr)
 .dynstr        0x0000000000400a00      0x2c2 /usr/lib/gcc/x86_64-pc-linux-gnu/13.2.1/../../../../lib/crt1.o

.gnu.version    0x0000000000400cc2       0x82
 *(.gnu.version)
 .gnu.version   0x0000000000400cc2       0x82 /usr/lib/gcc/x86_64-pc-linux-gnu/13.2.1/../../../../lib/crt1.o

.gnu.version_d  0x0000000000400d48        0x0
 *(.gnu.version_d)
 .gnu.version_d
                0x0000000000400d48        0x0 /usr/lib/gcc/x86_64-pc-linux-gnu/13.2.1/../../../../lib/crt1.o

.gnu.version_r  0x0000000000400d48       0x60
 *(.gnu.version_r)
 .gnu.version_r
                0x0000000000400d48       0x60 /usr/lib/gcc/x86_64-pc-linux-gnu/13.2.1/../../../../lib/crt1.o

.rela.dyn       0x0000000000400da8       0x90
 *(.rela.init)
 *(.rela.text .rela.text.* .rela.gnu.linkonce.t.*)
 .rela.text     0x0000000000400da8        0x0 /usr/lib/gcc/x86_64-pc-linux-gnu/13.2.1/../../../../lib/crt1.o
 *(.rela.fini)
 *(.rela.rodata .rela.rodata.* .rela.gnu.linkonce.r.*)
 *(.rela.data .rela.data.* .rela.gnu.linkonce.d.*)
 .rela.data.rel.ro
                0x0000000000400da8        0x0 /usr/lib/gcc/x86_64-pc-linux-gnu/13.2.1/../../../../lib/crt1.o
 *(.rela.tdata .rela.tdata.* .rela.gnu.linkonce.td.*)
 *(.rela.tbss .rela.tbss.* .rela.gnu.linkonce.tb.*)
 *(.rela.ctors)
 *(.rela.dtors)
 *(.rela.got)
 .rela.got      0x0000000000400da8       0x60 /usr/lib/gcc/x86_64-pc-linux-gnu/13.2.1/../../../../lib/crt1.o
 *(.rela.bss .rela.bss.* .rela.gnu.linkonce.b.*)
 .rela.bss      0x0000000000400e08       0x30 /usr/lib/gcc/x86_64-pc-linux-gnu/13.2.1/../../../../lib/crt1.o
 *(.rela.ldata .rela.ldata.* .rela.gnu.linkonce.l.*)
 *(.rela.lbss .rela.lbss.* .rela.gnu.linkonce.lb.*)
 *(.rela.lrodata .rela.lrodata.* .rela.gnu.linkonce.lr.*)
 *(.rela.ifunc)

.rela.plt       0x0000000000400e38      0x570
 *(.rela.plt)
 .rela.plt      0x0000000000400e38      0x570 /usr/lib/gcc/x86_64-pc-linux-gnu/13.2.1/../../../../lib/crt1.o
                [!provide]                        PROVIDE (__rela_iplt_start = .)
 *(.rela.iplt)
 .rela.iplt     0x00000000004013a8        0x0 /usr/lib/gcc/x86_64-pc-linux-gnu/13.2.1/../../../../lib/crt1.o
                [!provide]                        PROVIDE (__rela_iplt_end = .)

.relr.dyn
 *(.relr.dyn)
                0x0000000000402000                . = ALIGN (CONSTANT (MAXPAGESIZE))

.init           0x0000000000402000       0x1b
 *(SORT_NONE(.init))
 .init          0x0000000000402000       0x16 /usr/lib/gcc/x86_64-pc-linux-gnu/13.2.1/../../../../lib/crti.o
                0x0000000000402000                _init
 .init          0x0000000000402016        0x5 /usr/lib/gcc/x86_64-pc-linux-gnu/13.2.1/../../../../lib/crtn.o

.plt            0x0000000000402020      0x3b0
 *(.plt)
 .plt           0x0000000000402020      0x3b0 /usr/lib/gcc/x86_64-pc-linux-gnu/13.2.1/../../../../lib/crt1.o
                0x0000000000402030                XkbSetDetectableAutoRepeat
                0x0000000000402040                printf@@GLIBC_2.2.5
                0x0000000000402050                memset@@GLIBC_2.2.5
                0x0000000000402060                ftell@@GLIBC_2.2.5
                0x0000000000402070                snprintf@@GLIBC_2.2.5
                0x0000000000402080                puts@@GLIBC_2.2.5
                0x0000000000402090                fseek@@GLIBC_2.2.5
                0x00000000004020a0                __isoc99_sscanf@@GLIBC_2.7
                0x00000000004020b0                toupper@@GLIBC_2.2.5
                0x00000000004020c0                exit@@GLIBC_2.2.5
                0x00000000004020d0                XCreateImage
                0x00000000004020e0                strcasecmp@@GLIBC_2.2.5
                0x00000000004020f0                gettimeofday@@GLIBC_2.2.5
                0x0000000000402100                putchar@@GLIBC_2.2.5
                0x0000000000402110                strncmp@@GLIBC_2.2.5
                0x0000000000402120                malloc@@GLIBC_2.2.5
                0x0000000000402130                fopen@@GLIBC_2.2.5
                0x0000000000402140                system@@GLIBC_2.2.5
                0x0000000000402150                XCreateSimpleWindow
                0x0000000000402160                XOpenDisplay
                0x0000000000402170                atof@@GLIBC_2.2.5
                0x0000000000402180                vfprintf@@GLIBC_2.2.5
                0x0000000000402190                free@@GLIBC_2.2.5
                0x00000000004021a0                strlen@@GLIBC_2.2.5
                0x00000000004021b0                __ctype_b_loc@@GLIBC_2.3
                0x00000000004021c0                XSetForeground
                0x00000000004021d0                strrchr@@GLIBC_2.2.5
                0x00000000004021e0                XNextEvent
                0x00000000004021f0                usleep@@GLIBC_2.2.5
                0x0000000000402200                strstr@@GLIBC_2.2.5
                0x0000000000402210                atoi@@GLIBC_2.2.5
                0x0000000000402220                XMapWindow
                0x0000000000402230                memmove@@GLIBC_2.2.5
                0x0000000000402240                strchr@@GLIBC_2.2.5
                0x0000000000402250                vsnprintf@@GLIBC_2.2.5
                0x0000000000402260                fread@@GLIBC_2.2.5
                0x0000000000402270                XCreateGC
                0x0000000000402280                XSelectInput
                0x0000000000402290                __errno_location@@GLIBC_2.2.5
                0x00000000004022a0                strdup@@GLIBC_2.2.5
                0x00000000004022b0                strncasecmp@@GLIBC_2.2.5
                0x00000000004022c0                XPutImage
                0x00000000004022d0                strcmp@@GLIBC_2.2.5
                0x00000000004022e0                tolower@@GLIBC_2.2.5
                0x00000000004022f0                XKeycodeToKeysym
                0x0000000000402300                calloc@@GLIBC_2.2.5
                0x0000000000402310                fclose@@GLIBC_2.2.5
                0x0000000000402320                remove@@GLIBC_2.2.5
                0x0000000000402330                strncpy@@GLIBC_2.2.5
                0x0000000000402340                XChangeProperty
                0x0000000000402350                fwrite@@GLIBC_2.2.5
                0x0000000000402360                realloc@@GLIBC_2.2.5
                0x0000000000402370                fprintf@@GLIBC_2.2.5
                0x0000000000402380                memcpy@@GLIBC_2.14
                0x0000000000402390                rename@@GLIBC_2.2.5
                0x00000000004023a0                XPending
                0x00000000004023b0                mkdir@@GLIBC_2.2.5
                0x00000000004023c0                fflush@@GLIBC_2.2.5
 *(.iplt)
 .iplt          0x00000000004023d0        0x0 /usr/lib/gcc/x86_64-pc-linux-gnu/13.2.1/../../../../lib/crt1.o

.plt.got        0x00000000004023d0        0x0
 *(.plt.got)
 .plt.got       0x00000000004023d0        0x0 /usr/lib/gcc/x86_64-pc-linux-gnu/13.2.1/../../../../lib/crt1.o

.plt.sec
 *(.plt.sec)

.text           0x00000000004023d0    0x3efcd
 *(.text.unlikely .text.*_unlikely .text.unlikely.*)
 *(.text.exit .text.exit.*)
 *(.text.startup .text.startup.*)
 *(.text.hot .text.hot.*)
 *(SORT_BY_NAME(.text.sorted.*))
 *(.text .stub .text.* .gnu.linkonce.t.*)
 .text          0x00000000004023d0       0x35 /usr/lib/gcc/x86_64-pc-linux-gnu/13.2.1/../../../../lib/crt1.o
                0x00000000004023d0                _start
                0x0000000000402400                _dl_relocate_static_pie
 .text          0x0000000000402405        0x0 /usr/lib/gcc/x86_64-pc-linux-gnu/13.2.1/../../../../lib/crti.o
 *fill*         0x0000000000402405        0xb 
 .text          0x0000000000402410       0xa6 /usr/lib/gcc/x86_64-pc-linux-gnu/13.2.1/crtbegin.o
 .text          0x00000000004024b6        0x7 build/dummy.o
                0x00000000004024b6                I_InitTimidityConfig
 .text          0x00000000004024bd     0x24a8 build/am_map.o
                0x00000000004024bd                AM_getIslope
                0x0000000000402561                AM_activateNewScale
                0x000000000040264c                AM_saveScaleAndLoc
                0x0000000000402683                AM_restoreScaleAndLoc
                0x0000000000402770                AM_addMark
                0x00000000004027fd                AM_findMinMaxBoundaries
                0x00000000004029e9                AM_changeWindowLoc
                0x0000000000402b7c                AM_initVariables
                0x0000000000402d46                AM_loadPics
                0x0000000000402da4                AM_unloadPics
                0x0000000000402def                AM_clearMarks
                0x0000000000402e27                AM_LevelInit
                0x0000000000402ebc                AM_Stop
                0x0000000000402ee6                AM_Start
                0x0000000000402f4d                AM_minOutWindowScale
                0x0000000000402f7d                AM_maxOutWindowScale
                0x0000000000402fad                AM_Responder
                0x0000000000403444                AM_changeWindowScale
                0x00000000004034b1                AM_doFollowPlayer
                0x00000000004035d5                AM_updateLightLev
                0x000000000040365c                AM_Ticker
                0x00000000004036b8                AM_clearFB
                0x00000000004036ec                AM_clipMline
                0x0000000000403be1                AM_drawFline
                0x0000000000403dbc                AM_drawMline
                0x0000000000403df2                AM_drawGrid
                0x0000000000403f4b                AM_drawWalls
                0x000000000040430e                AM_rotate
                0x00000000004043d0                AM_drawLineCharacter
                0x0000000000404544                AM_drawPlayers
                0x00000000004046f8                AM_drawThings
                0x000000000040479c                AM_drawMarks
                0x00000000004048a8                AM_drawCrosshair
                0x00000000004048e2                AM_Drawer
 .text          0x0000000000404965        0x0 build/doomdef.o
 .text          0x0000000000404965        0x0 build/doomstat.o
 .text          0x0000000000404965        0x0 build/dstrings.o
 .text          0x0000000000404965       0xcb build/d_event.o
                0x0000000000404965                D_PostEvent
                0x00000000004049ca                D_PopEvent
 .text          0x0000000000404a30        0x0 build/d_items.o
 .text          0x0000000000404a30      0x7ae build/d_iwad.o
                0x0000000000404d70                D_FindWADByName
                0x0000000000404e5e                D_TryFindWADByName
                0x0000000000404e8d                D_FindIWAD
                0x0000000000404f77                D_FindAllIWADs
                0x0000000000405066                D_SaveGameIWADName
                0x00000000004050c8                D_SuggestIWADName
                0x0000000000405150                D_SuggestGameName
 .text          0x00000000004051de      0x8e5 build/d_loop.o
                0x00000000004053b5                NetUpdate
                0x0000000000405475                D_ReceiveTic
                0x000000000040558d                D_StartGameLoop
                0x00000000004055a8                D_StartNetGame
                0x0000000000405617                D_InitNetGame
                0x000000000040564b                D_QuitNetGame
                0x0000000000405849                TryRunTics
                0x0000000000405aa9                D_RegisterLoopCallbacks
 .text          0x0000000000405ac3     0x1ea3 build/d_main.o
                0x0000000000405ac3                D_ProcessEvents
                0x0000000000405b0a                D_Display
                0x0000000000405f00                D_BindVariables
                0x000000000040604e                D_GrabMouseCallback
                0x00000000004060aa                doomgeneric_Tick
                0x00000000004060f9                D_DoomLoop
                0x00000000004061a8                D_PageTicker
                0x00000000004061cd                D_PageDrawer
                0x00000000004061fa                D_AdvanceDemo
                0x000000000040620b                D_DoAdvanceDemo
                0x0000000000406453                D_StartTitle
                0x00000000004066d2                D_IdentifyVersion
                0x0000000000406843                D_SetGameDescription
                0x0000000000406a41                PrintDehackedBanners
                0x0000000000406d49                PrintGameVersion
                0x0000000000406e38                D_DoomMain
 .text          0x0000000000407966      0x2a5 build/d_mode.o
                0x0000000000407966                D_ValidGameMode
                0x00000000004079c3                D_ValidEpisodeMap
                0x0000000000407ab2                D_GetNumEpisodes
                0x0000000000407aee                D_ValidGameVersion
                0x0000000000407b66                D_IsEpisodeMap
                0x0000000000407ba7                D_GameMissionString
 .text          0x0000000000407c0b      0x514 build/d_net.o
                0x0000000000407fcf                D_ConnectNetGame
                0x0000000000408010                D_CheckNetGame
 .text          0x000000000040811f     0x11ca build/f_finale.o
                0x000000000040811f                F_StartFinale
                0x00000000004082a5                F_Responder
                0x00000000004082d1                F_Ticker
                0x00000000004083f2                F_TextWrite
                0x0000000000408591                F_StartCast
                0x000000000040863d                F_CastTicker
                0x0000000000408c70                F_CastResponder
                0x0000000000408d6d                F_CastPrint
                0x0000000000408e8b                F_CastDrawer
                0x0000000000408f8b                F_DrawPatchCol
                0x000000000040905c                F_BunnyScroll
                0x00000000004092b3                F_Drawer
 .text          0x00000000004092e9      0x880 build/f_wipe.o
                0x00000000004092e9                wipe_shittyColMajorXform
                0x00000000004093ae                wipe_initColorXForm
                0x00000000004093e9                wipe_doColorXForm
                0x000000000040950d                wipe_exitColorXForm
                0x0000000000409525                wipe_initMelt
                0x00000000004096d0                wipe_doMelt
                0x0000000000409994                wipe_exitMelt
                0x00000000004099d9                wipe_StartScreen
                0x0000000000409a1e                wipe_EndScreen
                0x0000000000409a80                wipe_ScreenWipe
 .text          0x0000000000409b69     0x3a15 build/g_game.o
                0x0000000000409b69                G_CmdChecksum
                0x0000000000409dd1                G_BuildTiccmd
                0x000000000040a73e                G_DoLoadLevel
                0x000000000040ab06                G_Responder
                0x000000000040ae72                G_Ticker
                0x000000000040b3c9                G_InitPlayer
                0x000000000040b3e1                G_PlayerFinishLevel
                0x000000000040b4a0                G_PlayerReborn
                0x000000000040b6f3                G_CheckSpot
                0x000000000040bab6                G_DeathMatchSpawnPlayer
                0x000000000040bbbb                G_DoReborn
                0x000000000040bd4d                G_ScreenShot
                0x000000000040bd5e                G_ExitLevel
                0x000000000040bd79                G_SecretExitLevel
                0x000000000040bdb9                G_DoCompleted
                0x000000000040c2b6                G_WorldDone
                0x000000000040c357                G_DoWorldDone
                0x000000000040c390                G_LoadGame
                0x000000000040c3bf                G_DoLoadGame
                0x000000000040c49c                G_SaveGame
                0x000000000040c4d7                G_DoSaveGame
                0x000000000040c66e                G_DeferedInitNew
                0x000000000040c6a7                G_DoNewGame
                0x000000000040c745                G_InitNew
                0x000000000040ca56                G_ReadDemoTiccmd
                0x000000000040cc05                G_WriteDemoTiccmd
                0x000000000040cd43                G_RecordDemo
                0x000000000040ce33                G_VanillaVersionCode
                0x000000000040ce87                G_BeginRecording
                0x000000000040d020                G_DeferedPlayDemo
                0x000000000040d116                G_DoPlayDemo
                0x000000000040d36c                G_TimeDemo
                0x000000000040d3b4                G_CheckDemoStatus
 .text          0x000000000040d57e      0x954 build/hu_lib.o
                0x000000000040d57e                HUlib_init
                0x000000000040d585                HUlib_clearTextLine
                0x000000000040d5b2                HUlib_initTextLine
                0x000000000040d604                HUlib_addCharToTextLine
                0x000000000040d66b                HUlib_delCharFromTextLine
                0x000000000040d6be                HUlib_drawTextLine
                0x000000000040d82c                HUlib_eraseTextLine
                0x000000000040d933                HUlib_initSText
                0x000000000040d9f0                HUlib_addLineToSText
                0x000000000040daa8                HUlib_addMessageToSText
                0x000000000040db6d                HUlib_drawSText
                0x000000000040dbfe                HUlib_eraseSText
                0x000000000040dca7                HUlib_initIText
                0x000000000040dd09                HUlib_delCharFromIText
                0x000000000040dd36                HUlib_eraseLineFromIText
                0x000000000040dd66                HUlib_resetIText
                0x000000000040dd8c                HUlib_addPrefixToIText
                0x000000000040ddda                HUlib_keyInIText
                0x000000000040de44                HUlib_drawIText
                0x000000000040de7c                HUlib_eraseIText
 .text          0x000000000040ded2      0xa9b build/hu_stuff.o
                0x000000000040ded2                HU_Init
                0x000000000040df3a                HU_Stop
                0x000000000040df4b                HU_Start
                0x000000000040e1c3                HU_Drawer
                0x000000000040e1f7                HU_Erase
                0x000000000040e21c                HU_Ticker
                0x000000000040e506                HU_queueChatChar
                0x000000000040e566                HU_dequeueChatChar
                0x000000000040e5ae                HU_Responder
 .text          0x000000000040e96d        0x0 build/info.o
 .text          0x000000000040e96d       0x7e build/i_cdmus.o
                0x000000000040e96d                I_CDMusInit
                0x000000000040e978                I_CDMusPrintStartup
                0x000000000040e97f                I_CDMusPlay
                0x000000000040e991                I_CDMusStop
                0x000000000040e99c                I_CDMusResume
                0x000000000040e9a7                I_CDMusSetVolume
                0x000000000040e9c3                I_CDMusFirstTrack
                0x000000000040e9ce                I_CDMusLastTrack
                0x000000000040e9d9                I_CDMusTrackLength
 .text          0x000000000040e9eb        0xf build/i_endoom.o
                0x000000000040e9eb                I_Endoom
 .text          0x000000000040e9fa       0xeb build/i_joystick.o
                0x000000000040e9fa                I_ShutdownJoystick
                0x000000000040ea01                I_InitJoystick
                0x000000000040ea08                I_UpdateJoystick
                0x000000000040ea0f                I_BindJoystickVariables
 .text          0x000000000040eae5     0x2fd2 build/i_scale.o
                0x000000000040eae5                I_InitScale
                0x000000000040f883                I_ResetScaleTables
 .text          0x0000000000411ab7      0x604 build/i_sound.o
                0x0000000000411bab                I_InitSound
                0x0000000000411c32                I_ShutdownSound
                0x0000000000411c6b                I_GetSfxLumpNum
                0x0000000000411ca0                I_UpdateSound
                0x0000000000411d54                I_UpdateSoundParams
                0x0000000000411da2                I_StartSound
                0x0000000000411dfd                I_StopSound
                0x0000000000411e29                I_SoundIsPlaying
                0x0000000000411e5b                I_PrecacheSounds
                0x0000000000411ea2                I_InitMusic
                0x0000000000411ec2                I_ShutdownMusic
                0x0000000000411ec9                I_SetMusicVolume
                0x0000000000411ef5                I_PauseSong
                0x0000000000411f15                I_ResumeSong
                0x0000000000411f35                I_RegisterSong
                0x0000000000411f72                I_UnRegisterSong
                0x0000000000411fa1                I_PlaySong
                0x0000000000411fd8                I_StopSong
                0x0000000000411ff8                I_MusicIsPlaying
                0x000000000041201e                I_BindSoundVariables
 .text          0x00000000004120bb      0x854 build/i_system.o
                0x00000000004120bb                I_AtExit
                0x000000000041210a                I_Tactile
                0x0000000000412190                I_ZoneBase
                0x000000000041222a                I_PrintBanner
                0x000000000041227f                I_PrintDivider
                0x00000000004122b1                I_PrintStartupBanner
                0x00000000004122e5                I_ConsoleStdout
                0x00000000004122f0                I_Quit
                0x0000000000412496                I_Error
                0x0000000000412686                I_GetMemoryValue
 .text          0x000000000041290f       0xb3 build/i_timer.o
                0x000000000041290f                I_GetTicks
                0x000000000041291f                I_GetTime
                0x0000000000412963                I_GetTimeMS
                0x0000000000412995                I_Sleep
                0x00000000004129ad                I_WaitVBL
                0x00000000004129bb                I_InitTimer
 .text          0x00000000004129c2      0x3fe build/memio.o
                0x00000000004129c2                mem_fopen_read
                0x0000000000412a1d                mem_fread
                0x0000000000412af8                mem_fopen_write
                0x0000000000412b6c                mem_fwrite
                0x0000000000412c9f                mem_get_buf
                0x0000000000412cd3                mem_fclose
                0x0000000000412d09                mem_ftell
                0x0000000000412d20                mem_fseek
 .text          0x0000000000412dc0      0x13b build/m_argv.o
                0x0000000000412dc0                M_CheckParmWithArgs
                0x0000000000412e20                M_ParmExists
                0x0000000000412e42                M_CheckParm
                0x0000000000412e6f                M_FindResponseFile
                0x0000000000412ebb                M_GetExecutableName
 .text          0x0000000000412efb       0xc0 build/m_bbox.o
                0x0000000000412efb                M_ClearBox
                0x0000000000412f3a                M_AddToBox
 .text          0x0000000000412fbb      0x160 build/m_cheat.o
                0x0000000000412fbb                cht_CheckCheat
                0x00000000004130e7                cht_GetParam
 .text          0x000000000041311b      0x6b1 build/m_config.o
                0x0000000000413305                M_SetConfigFilenames
                0x000000000041332e                M_SaveDefaults
                0x0000000000413349                M_SaveDefaultsAlternate
                0x00000000004133a3                M_LoadDefaults
                0x0000000000413539                M_BindVariable
                0x0000000000413573                M_SetVariable
                0x00000000004135c6                M_GetIntVariable
                0x000000000041361e                M_GetStrVariable
                0x000000000041366c                M_GetFloatVariable
                0x00000000004136e8                M_SetConfigDir
                0x0000000000413750                M_GetSaveGameDir
 .text          0x00000000004137cc      0x795 build/m_controls.o
                0x00000000004137cc                M_BindBaseControls
                0x0000000000413968                M_BindHereticControls
                0x00000000004139f6                M_BindHexenControls
                0x0000000000413aa2                M_BindStrifeControls
                0x0000000000413bd5                M_BindWeaponControls
                0x0000000000413cae                M_BindMapControls
                0x0000000000413d69                M_BindMenuControls
                0x0000000000413ee7                M_BindChatControls
                0x0000000000413f5a                M_ApplyPlatformDefaults
 .text          0x0000000000413f61       0x84 build/m_fixed.o
                0x0000000000413f61                FixedMul
                0x0000000000413f84                FixedDiv
 .text          0x0000000000413fe5     0x280e build/m_menu.o
                0x0000000000413fe5                M_ReadSaveStrings
                0x00000000004140e2                M_DrawLoad
                0x000000000041417e                M_DrawSaveLoadBorder
                0x0000000000414215                M_LoadSelect
                0x0000000000414264                M_LoadGame
                0x00000000004142a0                M_DrawSave
                0x000000000041439d                M_DoSave
                0x00000000004143eb                M_SaveSelect
                0x00000000004144a4                M_SaveGame
                0x00000000004144ed                M_QuickSaveResponse
                0x0000000000414522                M_QuickSave
                0x00000000004145c9                M_QuickLoadResponse
                0x00000000004145fe                M_QuickLoad
                0x0000000000414690                M_DrawReadThis1
                0x000000000041477d                M_DrawReadThis2
                0x00000000004147af                M_DrawSound
                0x0000000000414825                M_Sound
                0x000000000041483d                M_SfxVol
                0x00000000004148a4                M_MusicVol
                0x000000000041490b                M_DrawMainMenu
                0x0000000000414933                M_DrawNewGame
                0x000000000041497c                M_NewGame
                0x00000000004149df                M_DrawEpisode
                0x0000000000414a07                M_VerifyNightmare
                0x0000000000414a41                M_ChooseSkill
                0x0000000000414a89                M_Episode
                0x0000000000414b0f                M_DrawOptions
                0x0000000000414c05                M_Options
                0x0000000000414c1d                M_ChangeMessages
                0x0000000000414cb1                M_EndGameResponse
                0x0000000000414ce8                M_EndGame
                0x0000000000414d4b                M_ReadThis
                0x0000000000414d6a                M_ReadThis2
                0x0000000000414dac                M_FinishReadThis
                0x0000000000414dcb                M_QuitResponse
                0x0000000000414eb5                M_QuitDOOM
                0x0000000000414ef8                M_ChangeSensitivity
                0x0000000000414f4f                M_ChangeDetail
                0x0000000000414fee                M_SizeDisplay
                0x0000000000415078                M_DrawThermo
                0x0000000000415141                M_DrawEmptyCell
                0x000000000041518e                M_DrawSelCell
                0x00000000004151db                M_StartMessage
                0x0000000000415230                M_StopMessage
                0x000000000041524d                M_StringWidth
                0x00000000004152ca                M_StringHeight
                0x0000000000415329                M_WriteText
                0x000000000041542c                M_Responder
                0x000000000041634a                M_StartControlPanel
                0x0000000000416384                M_Drawer
                0x0000000000416667                M_ClearMenus
                0x0000000000416678                M_SetupNextMenu
                0x00000000004166a4                M_Ticker
                0x00000000004166e2                M_Init
 .text          0x00000000004167f3      0xb1f build/m_misc.o
                0x00000000004167f3                M_MakeDirectory
                0x0000000000416813                M_FileExists
                0x0000000000416860                M_FileLength
                0x00000000004168c0                M_WriteFile
                0x0000000000416936                M_ReadFile
                0x00000000004169f7                M_TempFile
                0x0000000000416a2c                M_StrToInt
                0x0000000000416ac6                M_ExtractFileBase
                0x0000000000416ba6                M_ForceUppercase
                0x0000000000416be9                M_StrCaseStr
                0x0000000000416c77                M_StringDuplicate
                0x0000000000416cbe                M_StringReplace
                0x0000000000416e19                M_StringCopy
                0x0000000000416e90                M_StringConcat
                0x0000000000416eed                M_StringStartsWith
                0x0000000000416f56                M_StringEndsWith
                0x0000000000416fd4                M_StringJoin
                0x00000000004171e7                M_vsnprintf
                0x000000000041725a                M_snprintf
 .text          0x0000000000417312       0x71 build/m_random.o
                0x0000000000417312                P_Random
                0x000000000041733c                M_Random
                0x0000000000417366                M_ClearRandom
 .text          0x0000000000417383      0x61a build/p_ceilng.o
                0x0000000000417383                T_MoveCeiling
                0x000000000041758f                EV_DoCeiling
                0x0000000000417778                P_AddActiveCeiling
                0x00000000004177be                P_RemoveActiveCeiling
                0x0000000000417835                P_ActivateInStasisCeiling
                0x00000000004178d4                EV_CeilingCrushStop
 .text          0x000000000041799d      0xce0 build/p_doors.o
                0x000000000041799d                T_VerticalDoor
                0x0000000000417cd9                EV_DoLockedDoor
                0x0000000000417e53                EV_DoDoor
                0x00000000004180f4                EV_VerticalDoor
                0x000000000041852e                P_SpawnDoorCloseIn30
                0x00000000004185bb                P_SpawnDoorRaiseIn5Mins
 .text          0x000000000041867d     0x361d build/p_enemy.o
                0x000000000041867d                P_RecursiveSound
                0x000000000041880f                P_NoiseAlert
                0x0000000000418854                P_CheckMeleeRange
                0x0000000000418902                P_CheckMissileRange
                0x0000000000418a9b                P_Move
                0x0000000000418c99                P_TryWalk
                0x0000000000418cd7                P_NewChaseDir
                0x0000000000418fa2                P_LookForPlayers
                0x000000000041913c                A_KeenDie
                0x00000000004191de                A_Look
                0x0000000000419380                A_Chase
                0x000000000041970c                A_FaceTarget
                0x00000000004197c4                A_PosAttack
                0x000000000041989c                A_SPosAttack
                0x000000000041998a                A_CPosAttack
                0x0000000000419a65                A_CPosRefire
                0x0000000000419aed                A_SpidRefire
                0x0000000000419b75                A_BspiAttack
                0x0000000000419bc1                A_TroopAttack
                0x0000000000419c76                A_SargAttack
                0x0000000000419d08                A_HeadAttack
                0x0000000000419dc2                A_CyberAttack
                0x0000000000419e0e                A_BruisAttack
                0x0000000000419eba                A_SkelMissile
                0x0000000000419f7a                A_Tracer
                0x000000000041a230                A_SkelWhoosh
                0x000000000041a26e                A_SkelFist
                0x000000000041a31a                PIT_VileCheck
                0x000000000041a461                A_VileChase
                0x000000000041a699                A_VileStart
                0x000000000041a6b9                A_StartFire
                0x000000000041a6e5                A_FireCrackle
                0x000000000041a711                A_Fire
                0x000000000041a800                A_VileTarget
                0x000000000041a8ab                A_VileAttack
                0x000000000041aa10                A_FatRaise
                0x000000000041aa3c                A_FatAttack1
                0x000000000041ab35                A_FatAttack2
                0x000000000041ac2e                A_FatAttack3
                0x000000000041ad96                A_SkullAttack
                0x000000000041aee0                A_PainShootSkull
                0x000000000041b058                A_PainAttack
                0x000000000041b09a                A_PainDie
                0x000000000041b106                A_Scream
                0x000000000041b1e6                A_XScream
                0x000000000041b206                A_Pain
                0x000000000041b243                A_Fall
                0x000000000041b26b                A_Explode
                0x000000000041b3bf                A_BossDeath
                0x000000000041b5e0                A_Hoof
                0x000000000041b60c                A_Metal
                0x000000000041b638                A_BabyMetal
                0x000000000041b664                A_OpenShotgun2
                0x000000000041b68b                A_LoadShotgun2
                0x000000000041b6b2                A_CloseShotgun2
                0x000000000041b6ec                A_BrainAwake
                0x000000000041b799                A_BrainPain
                0x000000000041b7b7                A_BrainScream
                0x000000000041b89b                A_BrainExplode
                0x000000000041b968                A_BrainDie
                0x000000000041b97c                A_BrainSpit
                0x000000000041ba5e                A_SpawnSound
                0x000000000041ba8a                A_SpawnFly
                0x000000000041bc52                A_PlayerScream
 .text          0x000000000041bc9a      0xd79 build/p_floor.o
                0x000000000041bc9a                T_MovePlane
                0x000000000041bff3                T_MoveFloor
                0x000000000041c125                EV_DoFloor
                0x000000000041c75b                EV_BuildStairs
 .text          0x000000000041ca13     0x1991 build/p_inter.o
                0x000000000041ca13                P_GiveAmmo
                0x000000000041cc6c                P_GiveWeapon
                0x000000000041ce85                P_GiveBody
                0x000000000041ceec                P_GiveArmor
                0x000000000041cf32                P_GiveCard
                0x000000000041cf78                P_GivePower
                0x000000000041d0aa                P_TouchSpecialThing
                0x000000000041db2e                P_KillMobj
                0x000000000041dea4                P_DamageMobj
 .text          0x000000000041e3a4      0x792 build/p_lights.o
                0x000000000041e3a4                T_FireFlicker
                0x000000000041e436                P_SpawnFireFlicker
                0x000000000041e4cb                T_LightFlash
                0x000000000041e56a                P_SpawnLightFlash
                0x000000000041e61f                T_StrobeFlash
                0x000000000041e6aa                P_SpawnStrobeFlash
                0x000000000041e78e                EV_StartLightStrobing
                0x000000000041e7fe                EV_TurnTagLightsOff
                0x000000000041e8df                EV_LightTurnOn
                0x000000000041e9bd                T_Glow
                0x000000000041eaa4                P_SpawnGlowingLight
 .text          0x000000000041eb36     0x21fc build/p_map.o
                0x000000000041eb36                PIT_StompThing
                0x000000000041ec0f                P_TeleportMove
                0x000000000041ee00                PIT_CheckLine
                0x000000000041efa7                PIT_CheckThing
                0x000000000041f337                P_CheckPosition
                0x000000000041f59d                P_TryMove
                0x000000000041f7e0                P_ThingHeightClip
                0x000000000041f8ac                P_HitSlideLine
                0x000000000041fa02                PTR_SlideTraverse
                0x000000000041fb26                P_SlideMove
                0x000000000041fe5d                PTR_AimTraverse
                0x00000000004200be                PTR_ShootTraverse
                0x0000000000420509                P_AimLineAttack
                0x000000000042060c                P_LineAttack
                0x00000000004206e1                PTR_UseTraverse
                0x0000000000420796                P_UseLines
                0x0000000000420838                PIT_RadiusAttack
                0x000000000042094c                P_RadiusAttack
                0x0000000000420a3c                PIT_ChangeSector
                0x0000000000420bb9                P_ChangeSector
 .text          0x0000000000420d32     0x1373 build/p_maputl.o
                0x0000000000420d32                P_AproxDistance
                0x0000000000420d8e                P_PointOnLineSide
                0x0000000000420e88                P_BoxOnLineSide
                0x0000000000421031                P_PointOnDivlineSide
                0x0000000000421161                P_MakeDivline
                0x00000000004211b0                P_InterceptVector
                0x0000000000421275                P_LineOpening
                0x000000000042133c                P_UnsetThingPosition
                0x000000000042148c                P_SetThingPosition
                0x0000000000421610                P_BlockLinesIterator
                0x0000000000421712                P_BlockThingsIterator
                0x00000000004217a9                PIT_AddLineIntercepts
                0x0000000000421955                PIT_AddThingIntercepts
                0x0000000000421afe                P_TraverseIntercepts
                0x0000000000421d7d                P_PathTraverse
 .text          0x00000000004220a5     0x1d0e build/p_mobj.o
                0x00000000004220a5                P_SetMobjState
                0x0000000000422176                P_ExplodeMissile
                0x000000000042225b                P_XYMovement
                0x00000000004226aa                P_ZMovement
                0x0000000000422a5b                P_NightmareRespawn
                0x0000000000422c14                P_MobjThinker
                0x0000000000422d79                P_SpawnMobj
                0x0000000000422f72                P_RemoveMobj
                0x0000000000423072                P_RespawnSpecials
                0x0000000000423223                P_SpawnPlayer
                0x0000000000423445                P_SpawnMapThing
                0x00000000004237b1                P_SpawnPuff
                0x0000000000423862                P_SpawnBlood
                0x000000000042392e                P_CheckMissileSpawn
                0x00000000004239f2                P_SubstNullMobj
                0x0000000000423a3b                P_SpawnMissile
                0x0000000000423bf8                P_SpawnPlayerMissile
 .text          0x0000000000423db3      0x850 build/p_plats.o
                0x0000000000423db3                T_PlatRaise
                0x0000000000424011                EV_DoPlat
                0x00000000004243e0                P_ActivateInStasis
                0x0000000000424473                EV_StopPlat
                0x000000000042452a                P_AddActivePlat
                0x000000000042457f                P_RemoveActivePlat
 .text          0x0000000000424603     0x15be build/p_pspr.o
                0x0000000000424603                P_SetPsprite
                0x0000000000424708                P_CalcSwing
                0x0000000000424789                P_BringUpWeapon
                0x000000000042482f                P_CheckAmmo
                0x0000000000424a7e                P_FireWeapon
                0x0000000000424b01                P_DropWeapon
                0x0000000000424b41                A_WeaponReady
                0x0000000000424cef                A_ReFire
                0x0000000000424d6e                A_CheckReload
                0x0000000000424d8d                A_Lower
                0x0000000000424e1d                A_Raise
                0x0000000000424e94                A_GunFlash
                0x0000000000424eec                A_Punch
                0x0000000000425010                A_Saw
                0x0000000000425263                A_FireMissile
                0x00000000004252bd                A_FireBFG
                0x0000000000425317                A_FirePlasma
                0x00000000004253b1                P_BulletSlope
                0x0000000000425444                P_GunShot
                0x00000000004254db                A_FirePistol
                0x00000000004255ac                A_FireShotgun
                0x0000000000425682                A_FireShotgun2
                0x00000000004257e5                A_FireCGun
                0x0000000000425922                A_Light0
                0x0000000000425943                A_Light1
                0x0000000000425964                A_Light2
                0x0000000000425985                A_BFGSpray
                0x0000000000425a82                A_BFGsound
                0x0000000000425aa9                P_SetupPsprites
                0x0000000000425b0f                P_MovePsprites
 .text          0x0000000000425bc1     0x26cb build/p_saveg.o
                0x0000000000425bc1                P_TempSaveGameFile
                0x0000000000425bff                P_SaveGameFile
                0x00000000004274da                P_WriteSaveGameHeader
                0x000000000042762a                P_ReadSaveGameHeader
                0x0000000000427756                P_ReadSaveGameEOF
                0x0000000000427775                P_WriteSaveGameEOF
                0x0000000000427786                P_ArchivePlayers
                0x00000000004277e6                P_UnArchivePlayers
                0x00000000004278c9                P_ArchiveWorld
                0x0000000000427a92                P_UnArchiveWorld
                0x0000000000427c51                P_ArchiveThinkers
                0x0000000000427cb5                P_UnArchiveThinkers
                0x0000000000427e09                P_ArchiveSpecials
                0x0000000000427ff0                P_UnArchiveSpecials
 .text          0x000000000042828c     0x17af build/p_setup.o
                0x000000000042828c                P_LoadVertexes
                0x000000000042834d                GetSectorAtNullAddress
                0x00000000004283a8                P_LoadSegs
                0x0000000000428632                P_LoadSubsectors
                0x000000000042870d                P_LoadSectors
                0x0000000000428878                P_LoadNodes
                0x0000000000428a0c                P_LoadThings
                0x0000000000428b1d                P_LoadLineDefs
                0x0000000000428e63                P_LoadSideDefs
                0x0000000000428fe0                P_LoadBlockMap
                0x0000000000429132                P_GroupLines
                0x0000000000429710                P_SetupLevel
                0x0000000000429a20                P_Init
 .text          0x0000000000429a3b      0x7a9 build/p_sight.o
                0x0000000000429a3b                P_DivlineSide
                0x0000000000429b60                P_InterceptVector2
                0x0000000000429c25                P_CrossSubsector
                0x0000000000429f48                P_CrossBSPNode
                0x000000000042a046                P_CheckSight
 .text          0x000000000042a1e4     0x1c78 build/p_spec.o
                0x000000000042a1e4                P_InitPicAnims
                0x000000000042a3cc                getSide
                0x000000000042a431                getSector
                0x000000000042a49a                twoSided
                0x000000000042a4da                getNextSector
                0x000000000042a523                P_FindLowestFloorSurrounding
                0x000000000042a5a7                P_FindHighestFloorSurrounding
                0x000000000042a629                P_FindNextHighestFloor
                0x000000000042a745                P_FindLowestCeilingSurrounding
                0x000000000042a7c9                P_FindHighestCeilingSurrounding
                0x000000000042a84d                P_FindSectorFromLineTag
                0x000000000042a8a7                P_FindMinSurroundingLight
                0x000000000042a931                P_CrossSpecialLine
                0x000000000042b222                P_ShootSpecialLine
                0x000000000042b2fc                P_PlayerInSpecialSector
                0x000000000042b4ce                P_UpdateSpecials
                0x000000000042b922                EV_DoDonut
                0x000000000042bb95                P_SpawnSpecials
 .text          0x000000000042be5c      0xfde build/p_switch.o
                0x000000000042be5c                P_InitSwitchList
                0x000000000042bfa0                P_StartButton
                0x000000000042c0b2                P_ChangeSwitchTexture
                0x000000000042c33d                P_UseSpecialLine
 .text          0x000000000042ce3a      0x2cb build/p_telept.o
                0x000000000042ce3a                EV_Teleport
 .text          0x000000000042d105      0x1ec build/p_tick.o
                0x000000000042d105                P_InitThinkers
                0x000000000042d125                P_AddThinker
                0x000000000042d168                P_RemoveThinker
                0x000000000042d183                P_AllocateThinker
                0x000000000042d192                P_RunThinkers
                0x000000000042d220                P_Ticker
 .text          0x000000000042d2f1      0x9c1 build/p_user.o
                0x000000000042d2f1                P_Thrust
                0x000000000042d36f                P_CalcHeight
                0x000000000042d5b2                P_MovePlayer
                0x000000000042d6d4                P_DeathThink
                0x000000000042d8a7                P_PlayerThink
 .text          0x000000000042dcb2      0xa59 build/r_bsp.o
                0x000000000042dcb2                R_ClearDrawSegs
                0x000000000042dcc4                R_ClipSolidWallSegment
                0x000000000042de6c                R_ClipPassWallSegment
                0x000000000042df4b                R_ClearClipSegs
                0x000000000042df88                R_AddLine
                0x000000000042e1ef                R_CheckBBox
                0x000000000042e494                R_Subsector
                0x000000000042e624                R_RenderBSPNode
 .text          0x000000000042e70b     0x16af build/r_data.o
                0x000000000042e70b                R_DrawColumnInCache
                0x000000000042e7c9                R_GenerateComposite
                0x000000000042e9b0                R_GenerateLookup
                0x000000000042ecb2                R_GetColumn
                0x000000000042eeca                R_InitTextures
                0x000000000042f573                R_InitFlats
                0x000000000042f613                R_InitSpriteLumps
                0x000000000042f77e                R_InitColormaps
                0x000000000042f7ac                R_InitData
                0x000000000042f7e5                R_FlatNumForName
                0x000000000042f83a                R_CheckTextureNumForName
                0x000000000042f8d4                R_TextureNumForName
                0x000000000042f910                R_PrecacheLevel
 .text          0x000000000042fdba     0x1147 build/r_draw.o
                0x000000000042fdba                R_DrawColumn
                0x000000000042fec1                R_DrawColumnLow
                0x000000000043000d                R_DrawFuzzColumn
                0x0000000000430178                R_DrawFuzzColumnLow
                0x0000000000430355                R_DrawTranslatedColumn
                0x0000000000430468                R_DrawTranslatedColumnLow
                0x00000000004305ec                R_InitTranslationTables
                0x00000000004306ef                R_DrawSpan
                0x000000000043082f                R_DrawSpanLow
                0x00000000004309c0                R_InitBuffer
                0x0000000000430a77                R_FillBackScreen
                0x0000000000430dae                R_VideoErase
                0x0000000000430df6                R_DrawViewBorder
 .text          0x0000000000430f01      0xf30 build/r_main.o
                0x0000000000430f01                R_AddPointToBox
                0x0000000000430f7e                R_PointOnSide
                0x00000000004310a8                R_PointOnSegSide
                0x00000000004311c5                R_PointToAngle
                0x000000000043133c                R_PointToAngle2
                0x0000000000431373                R_PointToDist
                0x0000000000431420                R_InitPointToAngle
                0x0000000000431427                R_ScaleFromGlobalAngle
                0x0000000000431503                R_InitTables
                0x000000000043150a                R_InitTextureMapping
                0x00000000004316d8                R_InitLightTables
                0x000000000043179d                R_SetViewSize
                0x00000000004317ca                R_ExecuteSetViewSize
                0x0000000000431b65                R_Init
                0x0000000000431bea                R_PointInSubsector
                0x0000000000431c97                R_SetupFrame
                0x0000000000431dd4                R_RenderPlayerView
 .text          0x0000000000431e31      0x97e build/r_plane.o
                0x0000000000431e31                R_InitPlanes
                0x0000000000431e38                R_MapPlane
                0x0000000000432086                R_ClearPlanes
                0x0000000000432151                R_FindPlane
                0x0000000000432261                R_CheckPlane
                0x0000000000432398                R_MakeSpans
                0x0000000000432465                R_DrawPlanes
 .text          0x00000000004327af     0x16b2 build/r_segs.o
                0x00000000004327af                R_RenderMaskedSegRange
                0x0000000000432b2d                R_RenderSegLoop
                0x0000000000433077                R_StoreWallRange
 .text          0x0000000000433e61       0x11 build/r_sky.o
                0x0000000000433e61                R_InitSkyMap
 .text          0x0000000000433e72     0x1986 build/r_things.o
                0x0000000000433e72                R_InstallSpriteLump
                0x00000000004340ce                R_InitSpriteDefs
                0x00000000004344e5                R_InitSprites
                0x0000000000434525                R_ClearSprites
                0x0000000000434537                R_NewVisSprite
                0x0000000000434570                R_DrawMaskedColumn
                0x00000000004346e6                R_DrawVisSprite
                0x0000000000434893                R_ProjectSprite
                0x0000000000434d29                R_AddSprites
                0x0000000000434de9                R_DrawPSprite
                0x0000000000435150                R_DrawPlayerSprites
                0x0000000000435220                R_SortVisSprites
                0x00000000004353b7                R_DrawSprite
                0x0000000000435752                R_DrawMasked
 .text          0x00000000004357f8     0x1d23 build/sha1.o
                0x00000000004357f8                SHA1_Init
                0x0000000000436f30                SHA1_Update
                0x0000000000437094                SHA1_Final
                0x000000000043749a                SHA1_UpdateInt32
                0x00000000004374e5                SHA1_UpdateString
 .text          0x000000000043751b        0x0 build/sounds.o
 .text          0x000000000043751b       0x7b build/statdump.o
                0x000000000043751b                StatCopy
                0x000000000043758f                StatDump
 .text          0x0000000000437596      0x6e0 build/st_lib.o
                0x0000000000437596                STlib_init
                0x00000000004375b3                STlib_initNum
                0x0000000000437620                STlib_drawNum
                0x0000000000437828                STlib_updateNum
                0x0000000000437859                STlib_initPercent
                0x00000000004378b0                STlib_updatePercent
                0x0000000000437905                STlib_initMultIcon
                0x0000000000437968                STlib_updateMultIcon
                0x0000000000437af8                STlib_initBinIcon
                0x0000000000437b5b                STlib_updateBinIcon
 .text          0x0000000000437c76     0x1dd9 build/st_stuff.o
                0x0000000000437c76                ST_refreshBackground
                0x0000000000437d12                ST_Responder
                0x0000000000438579                ST_calcPainOffset
                0x00000000004385e8                ST_updateFaceWidget
                0x0000000000438a1b                ST_updateWidgets
                0x0000000000438c12                ST_Ticker
                0x0000000000438c48                ST_doPaletteStuff
                0x0000000000438d91                ST_drawWidgets
                0x0000000000438f1a                ST_doRefresh
                0x0000000000438f3a                ST_diffDraw
                0x0000000000438f4b                ST_Drawer
                0x00000000004393d7                ST_loadGraphics
                0x00000000004393e8                ST_loadData
                0x000000000043942e                ST_unloadGraphics
                0x000000000043943f                ST_unloadData
                0x000000000043944b                ST_initData
                0x000000000043954d                ST_createWidgets
                0x00000000004399c7                ST_Start
                0x00000000004399f1                ST_Stop
                0x0000000000439a28                ST_Init
 .text          0x0000000000439a4f      0xc57 build/s_sound.o
                0x0000000000439a4f                S_Init
                0x0000000000439b4f                S_Shutdown
                0x0000000000439c29                S_Start
                0x0000000000439d2c                S_StopSound
                0x000000000043a099                S_StartSound
                0x000000000043a2d1                S_PauseSound
                0x000000000043a2fd                S_ResumeSound
                0x000000000043a329                S_UpdateSounds
                0x000000000043a475                S_SetMusicVolume
                0x000000000043a4ad                S_SetSfxVolume
                0x000000000043a4e4                S_StartMusic
                0x000000000043a501                S_ChangeMusic
                0x000000000043a636                S_MusicPlaying
                0x000000000043a641                S_StopMusic
 .text          0x000000000043a6a6       0x4b build/tables.o
                0x000000000043a6a6                SlopeDiv
 .text          0x000000000043a6f1     0x1424 build/v_video.o
                0x000000000043a6f1                V_MarkRect
                0x000000000043a74f                V_CopyRect
                0x000000000043a864                V_SetPatchClipCallback
                0x000000000043a87e                V_DrawPatch
                0x000000000043aa85                V_DrawPatchFlipped
                0x000000000043ac51                V_DrawPatchDirect
                0x000000000043ac79                V_DrawTLPatch
                0x000000000043ae13                V_DrawXlaPatch
                0x000000000043af8e                V_DrawAltTLPatch
                0x000000000043b128                V_DrawShadowedPatch
                0x000000000043b31d                V_LoadTintTable
                0x000000000043b33a                V_LoadXlaTable
                0x000000000043b357                V_DrawBlock
                0x000000000043b41e                V_DrawFilledBox
                0x000000000043b4ab                V_DrawHorizLine
                0x000000000043b50f                V_DrawVertLine
                0x000000000043b575                V_DrawBox
                0x000000000043b5ec                V_DrawRawScreen
                0x000000000043b616                V_Init
                0x000000000043b61d                V_UseBuffer
                0x000000000043b637                V_RestoreBuffer
                0x000000000043b64c                WritePCXfile
                0x000000000043b83d                V_ScreenShot
                0x000000000043b8e5                V_DrawMouseSpeedBox
 .text          0x000000000043bb15     0x2f72 build/wi_stuff.o
                0x000000000043bb15                WI_slamBackground
                0x000000000043bb35                WI_Responder
                0x000000000043bb48                WI_drawLF
                0x000000000043bcd6                WI_drawEL
                0x000000000043bdb1                WI_drawOnLnode
                0x000000000043bf96                WI_initAnimatedBack
                0x000000000043c0ba                WI_updateAnimatedBack
                0x000000000043c2b5                WI_drawAnimatedBack
                0x000000000043c374                WI_drawNum
                0x000000000043c4a4                WI_drawPercent
                0x000000000043c4eb                WI_drawTime
                0x000000000043c5d9                WI_End
                0x000000000043c5e5                WI_initNoState
                0x000000000043c60a                WI_updateNoState
                0x000000000043c634                WI_initShowNextLoc
                0x000000000043c65e                WI_updateShowNextLoc
                0x000000000043c6ad                WI_drawShowNextLoc
                0x000000000043c793                WI_drawNoState
                0x000000000043c7a9                WI_fragSum
                0x000000000043c849                WI_initDeathmatchStats
                0x000000000043c8f4                WI_updateDeathmatchStats
                0x000000000043cce5                WI_drawDeathmatchStats
                0x000000000043cf68                WI_initNetgameStats
                0x000000000043d051                WI_updateNetgameStats
                0x000000000043d6b5                WI_drawNetgameStats
                0x000000000043d9d9                WI_initStats
                0x000000000043da45                WI_updateStats
                0x000000000043e04b                WI_drawStats
                0x000000000043e195                WI_checkForAccelerate
                0x000000000043e26f                WI_Ticker
                0x000000000043e835                WI_loadData
                0x000000000043e8f1                WI_unloadData
                0x000000000043e902                WI_Drawer
                0x000000000043e958                WI_initVariables
                0x000000000043ea40                WI_Start
 .text          0x000000000043ea87      0x1b4 build/w_checksum.o
                0x000000000043ebc0                W_Checksum
 .text          0x000000000043ec3b       0xd0 build/w_file.o
                0x000000000043ec3b                W_OpenFile
                0x000000000043ecaf                W_CloseFile
                0x000000000043ecd2                W_Read
 .text          0x000000000043ed0b       0xa7 build/w_main.o
                0x000000000043ed0b                W_ParseCommandLine
 .text          0x000000000043edb2      0xad3 build/w_wad.o
                0x000000000043edb2                W_LumpNameHash
                0x000000000043eff0                W_AddFile
                0x000000000043f24f                W_NumLumps
                0x000000000043f25b                W_CheckNumForName
                0x000000000043f364                W_GetNumForName
                0x000000000043f3a0                W_LumpLength
                0x000000000043f3ea                W_ReadLump
                0x000000000043f498                W_CacheLumpNum
                0x000000000043f5aa                W_CacheLumpName
                0x000000000043f5d5                W_ReleaseLumpNum
                0x000000000043f656                W_ReleaseLumpName
                0x000000000043f678                W_GenerateHashTable
                0x000000000043f7ab                W_CheckCorrectIWAD
 .text          0x000000000043f885      0x9cf build/z_zone.o
                0x000000000043f885                Z_ClearZone
                0x000000000043f91b                Z_Init
                0x000000000043f9e3                Z_Free
                0x000000000043fb45                Z_Malloc
                0x000000000043fd5a                Z_FreeTags
                0x000000000043fdd9                Z_DumpHeap
                0x000000000043ff0a                Z_FileDumpHeap
                0x000000000044004d                Z_CheckHeap
                0x000000000044010d                Z_ChangeTag2
                0x000000000044018f                Z_ChangeUser
                0x00000000004401e2                Z_FreeMemory
                0x0000000000440245                Z_ZoneSize
 .text          0x0000000000440254      0x119 build/w_file_stdc.o
                0x000000000044030c                W_StdC_Read
 .text          0x000000000044036d      0x166 build/i_input.o
                0x0000000000440409                I_GetEvent
                0x00000000004404cc                I_InitInput
 .text          0x00000000004404d3      0x7f8 build/i_video.o
                0x00000000004404d3                cmap_to_rgb565
                0x0000000000440583                cmap_to_fb
                0x00000000004406b5                I_InitGraphics
                0x00000000004408f6                I_ShutdownGraphics
                0x000000000044090c                I_StartFrame
                0x0000000000440913                I_StartTic
                0x000000000044091f                I_UpdateNoBlit
                0x0000000000440926                I_FinishUpdate
                0x0000000000440a51                I_ReadScreen
                0x0000000000440a7b                I_SetPalette
                0x0000000000440b60                I_GetPaletteIndex
                0x0000000000440c69                I_BeginRead
                0x0000000000440c70                I_EndRead
                0x0000000000440c77                I_SetWindowTitle
                0x0000000000440c92                I_GraphicsCheckCommandLine
                0x0000000000440c99                I_SetGrabMouseCallback
                0x0000000000440ca8                I_EnableLoadingDisk
                0x0000000000440caf                I_BindVideoVariables
                0x0000000000440cb6                I_DisplayFPSDots
                0x0000000000440cc4                I_CheckIsScreensaver
 .text          0x0000000000440ccb       0x4b build/doomgeneric.o
                0x0000000000440ccb                doomgeneric_Create
 .text          0x0000000000440d16      0x687 build/doomgeneric_xlib.o
                0x0000000000440e94                DG_Init
                0x0000000000441114                DG_DrawFrame
                0x0000000000441221                DG_SleepMs
                0x000000000044123f                DG_GetTicksMs
                0x000000000044128c                DG_GetKey
                0x0000000000441309                DG_SetWindowTitle
                0x0000000000441366                main
 .text          0x000000000044139d        0x0 /usr/lib/gcc/x86_64-pc-linux-gnu/13.2.1/crtend.o
 .text          0x000000000044139d        0x0 /usr/lib/gcc/x86_64-pc-linux-gnu/13.2.1/../../../../lib/crtn.o
 *(.gnu.warning)

.fini           0x00000000004413a0        0xd
 *(SORT_NONE(.fini))
 .fini          0x00000000004413a0        0x8 /usr/lib/gcc/x86_64-pc-linux-gnu/13.2.1/../../../../lib/crti.o
                0x00000000004413a0                _fini
 .fini          0x00000000004413a8        0x5 /usr/lib/gcc/x86_64-pc-linux-gnu/13.2.1/../../../../lib/crtn.o
                [!provide]                        PROVIDE (__etext = .)
                [!provide]                        PROVIDE (_etext = .)
                [!provide]                        PROVIDE (etext = .)
                0x0000000000442000                . = ALIGN (CONSTANT (MAXPAGESIZE))
                0x0000000000442000                . = SEGMENT_START ("rodata-segment", (ALIGN (CONSTANT (MAXPAGESIZE)) + (. & (CONSTANT (MAXPAGESIZE) - 0x1))))

.rodata         0x0000000000442000    0x19d3b
 *(.rodata .rodata.* .gnu.linkonce.r.*)
 .rodata.cst4   0x0000000000442000        0x4 /usr/lib/gcc/x86_64-pc-linux-gnu/13.2.1/../../../../lib/crt1.o
                0x0000000000442000                _IO_stdin_used
 .rodata        0x0000000000442004       0x67 build/am_map.o
 *fill*         0x000000000044206b        0x5 
 .rodata        0x0000000000442070      0x363 build/dstrings.o
 *fill*         0x00000000004423d3        0xd 
 .rodata        0x00000000004423e0      0x337 build/d_iwad.o
 *fill*         0x0000000000442717        0x1 
 .rodata        0x0000000000442718       0x6e build/d_loop.o
 *fill*         0x0000000000442786       0x1a 
 .rodata        0x00000000004427a0     0x1010 build/d_main.o
 .rodata        0x00000000004437b0       0x88 build/d_mode.o
 .rodata        0x0000000000443838      0x172 build/d_net.o
 *fill*         0x00000000004439aa        0x6 
 .rodata        0x00000000004439b0     0x20dd build/f_finale.o
 *fill*         0x0000000000445a8d       0x13 
 .rodata        0x0000000000445aa0      0x458 build/g_game.o
 .rodata        0x0000000000445ef8      0xc19 build/hu_stuff.o
 .rodata        0x0000000000446b11      0x2b2 build/info.o
 .rodata        0x0000000000446dc3       0xa7 build/i_joystick.o
 *fill*         0x0000000000446e6a        0x6 
 .rodata        0x0000000000446e70       0xda build/i_scale.o
 .rodata        0x0000000000446f4a       0x9f build/i_sound.o
 *fill*         0x0000000000446fe9        0x7 
 .rodata        0x0000000000446ff0      0x246 build/i_system.o
 .rodata        0x0000000000447236       0x27 build/memio.o
 *fill*         0x000000000044725d        0x3 
 .rodata        0x0000000000447260      0xe44 build/m_config.o
 .rodata        0x00000000004480a4      0x630 build/m_controls.o
 *fill*         0x00000000004486d4        0x4 
 .rodata        0x00000000004486d8      0x437 build/m_menu.o
 *fill*         0x0000000000448b0f        0x1 
 .rodata        0x0000000000448b10       0xf5 build/m_misc.o
 *fill*         0x0000000000448c05       0x1b 
 .rodata        0x0000000000448c20      0x100 build/m_random.o
 .rodata        0x0000000000448d20       0x60 build/p_ceilng.o
 .rodata        0x0000000000448d80      0x1c7 build/p_doors.o
 *fill*         0x0000000000448f47        0x1 
 .rodata        0x0000000000448f48       0x3d build/p_enemy.o
 *fill*         0x0000000000448f85        0x3 
 .rodata        0x0000000000448f88       0x68 build/p_floor.o
 .rodata        0x0000000000448ff0      0x528 build/p_inter.o
 .rodata        0x0000000000449518       0x72 build/p_map.o
 *fill*         0x000000000044958a        0x6 
 .rodata        0x0000000000449590       0x2d build/p_mobj.o
 *fill*         0x00000000004495bd        0x3 
 .rodata        0x00000000004495c0       0x6d build/p_plats.o
 *fill*         0x000000000044962d        0x3 
 .rodata        0x0000000000449630      0x130 build/p_saveg.o
 .rodata        0x0000000000449760       0x5a build/p_setup.o
 *fill*         0x00000000004497ba        0x6 
 .rodata        0x00000000004497c0       0x28 build/p_sight.o
 .rodata        0x00000000004497e8      0x7b8 build/p_spec.o
 .rodata        0x0000000000449fa0      0x448 build/p_switch.o
 .rodata        0x000000000044a3e8       0x23 build/r_bsp.o
 *fill*         0x000000000044a40b        0x5 
 .rodata        0x000000000044a410      0x142 build/r_data.o
 *fill*         0x000000000044a552        0x6 
 .rodata        0x000000000044a558       0xa9 build/r_draw.o
 *fill*         0x000000000044a601        0x7 
 .rodata        0x000000000044a608       0xb4 build/r_plane.o
 *fill*         0x000000000044a6bc        0x4 
 .rodata        0x000000000044a6c0       0x20 build/r_segs.o
 .rodata        0x000000000044a6e0      0x1e7 build/r_things.o
 .rodata        0x000000000044a8c7      0x191 build/sounds.o
 *fill*         0x000000000044aa58        0x8 
 .rodata        0x000000000044aa60       0x6e build/statdump.o
 .rodata        0x000000000044aace       0x5b build/st_lib.o
 *fill*         0x000000000044ab29        0x7 
 .rodata        0x000000000044ab30      0x1bb build/st_stuff.o
 *fill*         0x000000000044aceb        0x5 
 .rodata        0x000000000044acf0       0x71 build/s_sound.o
 *fill*         0x000000000044ad61       0x1f 
 .rodata        0x000000000044ad80    0x10520 build/tables.o
                0x000000000044ad80                finetangent
                0x000000000044ed80                finesine
                0x0000000000458d80                tantoangle
                0x000000000045ada0                gammatable
 .rodata        0x000000000045b2a0      0x128 build/v_video.o
 .rodata        0x000000000045b3c8      0x10b build/wi_stuff.o
 .rodata        0x000000000045b4d3        0x6 build/w_file.o
 .rodata        0x000000000045b4d9       0x12 build/w_main.o
 *fill*         0x000000000045b4eb       0x15 
 .rodata        0x000000000045b500      0x230 build/w_wad.o
 .rodata        0x000000000045b730      0x356 build/z_zone.o
 .rodata        0x000000000045ba86        0x3 build/w_file_stdc.o
 *fill*         0x000000000045ba89       0x17 
 .rodata        0x000000000045baa0      0x100 build/i_input.o
 .rodata        0x000000000045bba0      0x19b build/i_video.o

.rodata1
 *(.rodata1)

.eh_frame_hdr   0x000000000045bd3c     0x1eac
 *(.eh_frame_hdr)
 .eh_frame_hdr  0x000000000045bd3c     0x1eac /usr/lib/gcc/x86_64-pc-linux-gnu/13.2.1/../../../../lib/crt1.o
                0x000000000045bd3c                __GNU_EH_FRAME_HDR
 *(.eh_frame_entry .eh_frame_entry.*)

.eh_frame       0x000000000045dbe8     0x7bc8
 *(.eh_frame)
 .eh_frame      0x000000000045dbe8       0x40 /usr/lib/gcc/x86_64-pc-linux-gnu/13.2.1/../../../../lib/crt1.o
                                         0x5c (size before relaxing)
 *fill*         0x000000000045dc28        0x0 
 .eh_frame      0x000000000045dc28       0x28 /usr/lib/gcc/x86_64-pc-linux-gnu/13.2.1/../../../../lib/crt1.o
                                         0x40 (size before relaxing)
 .eh_frame      0x000000000045dc50        0x0 /usr/lib/gcc/x86_64-pc-linux-gnu/13.2.1/../../../../lib/crt1.o
 .eh_frame      0x000000000045dc50       0x20 build/dummy.o
                                         0x38 (size before relaxing)
 .eh_frame      0x000000000045dc70      0x478 build/am_map.o
                                        0x490 (size before relaxing)
 .eh_frame      0x000000000045e0e8       0x40 build/d_event.o
                                         0x58 (size before relaxing)
 .eh_frame      0x000000000045e128      0x1a0 build/d_iwad.o
                                        0x1b8 (size before relaxing)
 .eh_frame      0x000000000045e2c8      0x200 build/d_loop.o
                                        0x218 (size before relaxing)
 .eh_frame      0x000000000045e4c8      0x2a8 build/d_main.o
                                        0x2c0 (size before relaxing)
 .eh_frame      0x000000000045e770       0xc0 build/d_mode.o
                                         0xd8 (size before relaxing)
 .eh_frame      0x000000000045e830       0xe0 build/d_net.o
                                         0xf8 (size before relaxing)
 .eh_frame      0x000000000045e910      0x1a8 build/f_finale.o
                                        0x1c0 (size before relaxing)
 .eh_frame      0x000000000045eab8      0x140 build/f_wipe.o
                                        0x158 (size before relaxing)
 .eh_frame      0x000000000045ebf8      0x4e8 build/g_game.o
                                        0x500 (size before relaxing)
 .eh_frame      0x000000000045f0e0      0x280 build/hu_lib.o
                                        0x298 (size before relaxing)
 .eh_frame      0x000000000045f360      0x120 build/hu_stuff.o
                                        0x138 (size before relaxing)
 .eh_frame      0x000000000045f480      0x120 build/i_cdmus.o
                                        0x138 (size before relaxing)
 .eh_frame      0x000000000045f5a0       0x20 build/i_endoom.o
                                         0x38 (size before relaxing)
 .eh_frame      0x000000000045f5c0       0x80 build/i_joystick.o
                                         0x98 (size before relaxing)
 .eh_frame      0x000000000045f640      0x440 build/i_scale.o
                                        0x458 (size before relaxing)
 .eh_frame      0x000000000045fa80      0x300 build/i_sound.o
                                        0x318 (size before relaxing)
 .eh_frame      0x000000000045fd80      0x1c0 build/i_system.o
                                        0x1d8 (size before relaxing)
 .eh_frame      0x000000000045ff40       0xc0 build/i_timer.o
                                         0xd8 (size before relaxing)
 .eh_frame      0x0000000000460000      0x100 build/memio.o
                                        0x118 (size before relaxing)
 .eh_frame      0x0000000000460100       0xc0 build/m_argv.o
                                         0xd8 (size before relaxing)
 .eh_frame      0x00000000004601c0       0x40 build/m_bbox.o
                                         0x58 (size before relaxing)
 .eh_frame      0x0000000000460200       0x48 build/m_cheat.o
                                         0x60 (size before relaxing)
 .eh_frame      0x0000000000460248      0x248 build/m_config.o
                                        0x260 (size before relaxing)
 .eh_frame      0x0000000000460490      0x120 build/m_controls.o
                                        0x138 (size before relaxing)
 .eh_frame      0x00000000004605b0       0x40 build/m_fixed.o
                                         0x58 (size before relaxing)
 .eh_frame      0x00000000004605f0      0x708 build/m_menu.o
                                        0x720 (size before relaxing)
 .eh_frame      0x0000000000460cf8      0x268 build/m_misc.o
                                        0x280 (size before relaxing)
 .eh_frame      0x0000000000460f60       0x60 build/m_random.o
                                         0x78 (size before relaxing)
 .eh_frame      0x0000000000460fc0       0xc0 build/p_ceilng.o
                                         0xd8 (size before relaxing)
 .eh_frame      0x0000000000461080       0xc0 build/p_doors.o
                                         0xd8 (size before relaxing)
 .eh_frame      0x0000000000461140      0x848 build/p_enemy.o
                                        0x860 (size before relaxing)
 .eh_frame      0x0000000000461988       0x80 build/p_floor.o
                                         0x98 (size before relaxing)
 .eh_frame      0x0000000000461a08      0x120 build/p_inter.o
                                        0x138 (size before relaxing)
 .eh_frame      0x0000000000461b28      0x160 build/p_lights.o
                                        0x178 (size before relaxing)
 .eh_frame      0x0000000000461c88      0x2a8 build/p_map.o
                                        0x2c0 (size before relaxing)
 .eh_frame      0x0000000000461f30      0x228 build/p_maputl.o
                                        0x240 (size before relaxing)
 .eh_frame      0x0000000000462158      0x230 build/p_mobj.o
                                        0x248 (size before relaxing)
 .eh_frame      0x0000000000462388       0xc0 build/p_plats.o
                                         0xd8 (size before relaxing)
 .eh_frame      0x0000000000462448      0x3f8 build/p_pspr.o
                                        0x410 (size before relaxing)
 .eh_frame      0x0000000000462840      0x680 build/p_saveg.o
                                        0x698 (size before relaxing)
 .eh_frame      0x0000000000462ec0      0x1e0 build/p_setup.o
                                        0x1f8 (size before relaxing)
 .eh_frame      0x00000000004630a0       0xa8 build/p_sight.o
                                         0xc0 (size before relaxing)
 .eh_frame      0x0000000000463148      0x268 build/p_spec.o
                                        0x280 (size before relaxing)
 .eh_frame      0x00000000004633b0       0x88 build/p_switch.o
                                         0xa0 (size before relaxing)
 .eh_frame      0x0000000000463438       0x20 build/p_telept.o
                                         0x38 (size before relaxing)
 .eh_frame      0x0000000000463458       0xc0 build/p_tick.o
                                         0xd8 (size before relaxing)
 .eh_frame      0x0000000000463518       0xa8 build/p_user.o
                                         0xc0 (size before relaxing)
 .eh_frame      0x00000000004635c0      0x100 build/r_bsp.o
                                        0x118 (size before relaxing)
 .eh_frame      0x00000000004636c0      0x1c8 build/r_data.o
                                        0x1e0 (size before relaxing)
 .eh_frame      0x0000000000463888      0x1a0 build/r_draw.o
                                        0x1b8 (size before relaxing)
 .eh_frame      0x0000000000463a28      0x220 build/r_main.o
                                        0x238 (size before relaxing)
 .eh_frame      0x0000000000463c48       0xe8 build/r_plane.o
                                        0x100 (size before relaxing)
 .eh_frame      0x0000000000463d30       0x70 build/r_segs.o
                                         0x88 (size before relaxing)
 .eh_frame      0x0000000000463da0       0x20 build/r_sky.o
                                         0x38 (size before relaxing)
 .eh_frame      0x0000000000463dc0      0x1c8 build/r_things.o
                                        0x1e0 (size before relaxing)
 .eh_frame      0x0000000000463f88       0xc0 build/sha1.o
                                         0xd8 (size before relaxing)
 .eh_frame      0x0000000000464048       0x40 build/statdump.o
                                         0x58 (size before relaxing)
 .eh_frame      0x0000000000464088      0x140 build/st_lib.o
                                        0x158 (size before relaxing)
 .eh_frame      0x00000000004641c8      0x2e0 build/st_stuff.o
                                        0x2f8 (size before relaxing)
 .eh_frame      0x00000000004644a8      0x228 build/s_sound.o
                                        0x240 (size before relaxing)
 .eh_frame      0x00000000004646d0       0x20 build/tables.o
                                         0x38 (size before relaxing)
 .eh_frame      0x00000000004646f0      0x300 build/v_video.o
                                        0x318 (size before relaxing)
 .eh_frame      0x00000000004649f0      0x4d0 build/wi_stuff.o
                                        0x4e8 (size before relaxing)
 .eh_frame      0x0000000000464ec0       0x60 build/w_checksum.o
                                         0x78 (size before relaxing)
 .eh_frame      0x0000000000464f20       0x60 build/w_file.o
                                         0x78 (size before relaxing)
 .eh_frame      0x0000000000464f80       0x20 build/w_main.o
                                         0x38 (size before relaxing)
 .eh_frame      0x0000000000464fa0      0x1d0 build/w_wad.o
                                        0x1e8 (size before relaxing)
 .eh_frame      0x0000000000465170      0x180 build/z_zone.o
                                        0x198 (size before relaxing)
 .eh_frame      0x00000000004652f0       0x60 build/w_file_stdc.o
                                         0x78 (size before relaxing)
 .eh_frame      0x0000000000465350       0xa0 build/i_input.o
                                         0xb8 (size before relaxing)
 .eh_frame      0x00000000004653f0      0x280 build/i_video.o
                                        0x298 (size before relaxing)
 .eh_frame      0x0000000000465670       0x20 build/doomgeneric.o
                                         0x38 (size before relaxing)
 .eh_frame      0x0000000000465690      0x11c build/doomgeneric_xlib.o
                                        0x138 (size before relaxing)
 .eh_frame      0x00000000004657ac        0x4 /usr/lib/gcc/x86_64-pc-linux-gnu/13.2.1/crtend.o
 *(.eh_frame.*)

.sframe         0x00000000004657b0        0x0
 *(.sframe)
 .sframe        0x00000000004657b0        0x0 /usr/lib/gcc/x86_64-pc-linux-gnu/13.2.1/../../../../lib/crt1.o
 *(.sframe.*)

.gcc_except_table
 *(.gcc_except_table .gcc_except_table.*)

.gnu_extab
 *(.gnu_extab*)

.exception_ranges
 *(.exception_ranges*)
                0x0000000000466dc8                . = DATA_SEGMENT_ALIGN (CONSTANT (MAXPAGESIZE), CONSTANT (COMMONPAGESIZE))

.eh_frame
 *(.eh_frame)
 *(.eh_frame.*)

.sframe
 *(.sframe)
 *(.sframe.*)

.gnu_extab
 *(.gnu_extab)

.gcc_except_table
 *(.gcc_except_table .gcc_except_table.*)

.exception_ranges
 *(.exception_ranges*)

.tdata          0x0000000000466dc8        0x0
                [!provide]                        PROVIDE (__tdata_start = .)
 *(.tdata .tdata.* .gnu.linkonce.td.*)

.tbss
 *(.tbss .tbss.* .gnu.linkonce.tb.*)
 *(.tcommon)

.preinit_array  0x0000000000466dc8        0x0
                [!provide]                        PROVIDE (__preinit_array_start = .)
 *(.preinit_array)
                [!provide]                        PROVIDE (__preinit_array_end = .)

.init_array     0x0000000000466dc8        0x8
                [!provide]                        PROVIDE (__init_array_start = .)
 *(SORT_BY_INIT_PRIORITY(.init_array.*) SORT_BY_INIT_PRIORITY(.ctors.*))
 *(.init_array EXCLUDE_FILE(*crtend?.o *crtend.o *crtbegin?.o *crtbegin.o) .ctors)
 .init_array    0x0000000000466dc8        0x8 /usr/lib/gcc/x86_64-pc-linux-gnu/13.2.1/crtbegin.o
                [!provide]                        PROVIDE (__init_array_end = .)

.fini_array     0x0000000000466dd0        0x8
                [!provide]                        PROVIDE (__fini_array_start = .)
 *(SORT_BY_INIT_PRIORITY(.fini_array.*) SORT_BY_INIT_PRIORITY(.dtors.*))
 *(.fini_array EXCLUDE_FILE(*crtend?.o *crtend.o *crtbegin?.o *crtbegin.o) .dtors)
 .fini_array    0x0000000000466dd0        0x8 /usr/lib/gcc/x86_64-pc-linux-gnu/13.2.1/crtbegin.o
                [!provide]                        PROVIDE (__fini_array_end = .)

.ctors
 *crtbegin.o(.ctors)
 *crtbegin?.o(.ctors)
 *(EXCLUDE_FILE(*crtend?.o *crtend.o) .ctors)
 *(SORT_BY_NAME(.ctors.*))
 *(.ctors)

.dtors
 *crtbegin.o(.dtors)
 *crtbegin?.o(.dtors)
 *(EXCLUDE_FILE(*crtend?.o *crtend.o) .dtors)
 *(SORT_BY_NAME(.dtors.*))
 *(.dtors)

.jcr
 *(.jcr)

.data.rel.ro    0x0000000000466dd8        0x0
 *(.data.rel.ro.local* .gnu.linkonce.d.rel.ro.local.*)
 *(.data.rel.ro .data.rel.ro.* .gnu.linkonce.d.rel.ro.*)
 .data.rel.ro   0x0000000000466dd8        0x0 /usr/lib/gcc/x86_64-pc-linux-gnu/13.2.1/../../../../lib/crt1.o

.dynamic        0x0000000000466dd8      0x1f0
 *(.dynamic)
 .dynamic       0x0000000000466dd8      0x1f0 /usr/lib/gcc/x86_64-pc-linux-gnu/13.2.1/../../../../lib/crt1.o
                0x0000000000466dd8                _DYNAMIC

.got            0x0000000000466fc8       0x20
 *(.got)
 .got           0x0000000000466fc8       0x20 /usr/lib/gcc/x86_64-pc-linux-gnu/13.2.1/../../../../lib/crt1.o
 *(.igot)
                0x0000000000466fe8                . = DATA_SEGMENT_RELRO_END (., (SIZEOF (.got.plt) >= 0x18)?0x18:0x0)

.got.plt        0x0000000000466fe8      0x1e8
 *(.got.plt)
 .got.plt       0x0000000000466fe8      0x1e8 /usr/lib/gcc/x86_64-pc-linux-gnu/13.2.1/../../../../lib/crt1.o
                0x0000000000466fe8                _GLOBAL_OFFSET_TABLE_
 *(.igot.plt)
 .igot.plt      0x00000000004671d0        0x0 /usr/lib/gcc/x86_64-pc-linux-gnu/13.2.1/../../../../lib/crt1.o

.data           0x00000000004671e0    0x140d8
 *(.data .data.* .gnu.linkonce.d.*)
 .data          0x00000000004671e0        0x4 /usr/lib/gcc/x86_64-pc-linux-gnu/13.2.1/../../../../lib/crt1.o
                0x00000000004671e0                data_start
                0x00000000004671e0                __data_start
 .data          0x00000000004671e4        0x0 /usr/lib/gcc/x86_64-pc-linux-gnu/13.2.1/../../../../lib/crti.o
 *fill*         0x00000000004671e4        0x4 
 .data          0x00000000004671e8        0x8 /usr/lib/gcc/x86_64-pc-linux-gnu/13.2.1/crtbegin.o
                0x00000000004671e8                __dso_handle
 .data          0x00000000004671f0        0x0 build/dummy.o
 *fill*         0x00000000004671f0       0x10 
 .data          0x0000000000467200      0x2f0 build/am_map.o
                0x0000000000467200                player_arrow
                0x0000000000467280                cheat_player_arrow
                0x0000000000467380                triangle_guy
                0x00000000004673c0                thintriangle_guy
                0x0000000000467420                cheat_amap
 .data          0x00000000004674f0        0x0 build/doomdef.o
 .data          0x00000000004674f0        0x8 build/doomstat.o
                0x00000000004674f0                gamemode
                0x00000000004674f4                gameversion
 *fill*         0x00000000004674f8        0x8 
 .data          0x0000000000467500       0x80 build/dstrings.o
                0x0000000000467500                doom1_endmsg
                0x0000000000467540                doom2_endmsg
 .data          0x0000000000467580        0x0 build/d_event.o
 .data          0x0000000000467580       0xd8 build/d_items.o
                0x0000000000467580                weaponinfo
 .data          0x0000000000467658        0x0 build/d_iwad.o
 .data          0x0000000000467658        0x4 build/d_loop.o
 *fill*         0x000000000046765c        0x4 
 .data          0x0000000000467660      0x174 build/d_main.o
                0x0000000000467660                show_endoom
                0x0000000000467664                wipegamestate
 *fill*         0x00000000004677d4        0xc 
 .data          0x00000000004677e0      0x130 build/d_mode.o
 *fill*         0x0000000000467910       0x10 
 .data          0x0000000000467920       0x20 build/d_net.o
 .data          0x0000000000467940      0x3e0 build/f_finale.o
                0x0000000000467c00                castorder
 .data          0x0000000000467d20       0x30 build/f_wipe.o
 *fill*         0x0000000000467d50       0x10 
 .data          0x0000000000467d60      0x1c0 build/g_game.o
                0x0000000000467d60                precache
                0x0000000000467d68                forwardmove
                0x0000000000467d70                sidemove
                0x0000000000467d78                angleturn
                0x0000000000467df0                vanilla_savegame_limit
                0x0000000000467df4                vanilla_demo_limit
                0x0000000000467e00                pars